// Jest Snapshot v1, https://goo.gl/fbAQLP

exports[`Search has a valid snapshot 1`] = `
<form
  onSubmit={[Function]}
>
  <input
    onChange={[Function]}
    type="text"
    value="test"
  />
  <button
    type="submit"
  >
    Search
  </button>
</form>
`;
